[     700ms] [ERROR] Loading the script 'https://script.crazyegg.com/pages/scripts/0034/3988.js' violates the following Content Security Policy directive: "script-src 'self' 'unsafe-inline' https://www.google-analytics.com https://www.googletagmanager.com https://dap.digitalgov.gov". Note that 'script-src-elem' was not explicitly set, so 'script-src' is used as a fallback. The action has been blocked. @ https://www.googletagmanager.com/gtm.js?id=GTM-WLMC86:253
[    9839ms] ReferenceError: jQuery is not defined
    at <anonymous>:10:161
    at https://www.googletagmanager.com/gtm.js?id=GTM-WLMC86:873:429
    at bS (https://www.googletagmanager.com/gtm.js?id=GTM-WLMC86:875:31)
    at Od.aS (https://www.googletagmanager.com/gtm.js?id=GTM-WLMC86:872:92)
    at Od.<anonymous> (https://www.googletagmanager.com/gtm.js?id=GTM-WLMC86:351:187)
    at k.apply (https://www.googletagmanager.com/gtm.js?id=GTM-WLMC86:273:466)
    at hb (https://www.googletagmanager.com/gtm.js?id=GTM-WLMC86:235:719)
    at gb (https://www.googletagmanager.com/gtm.js?id=GTM-WLMC86:235:470)
    at Od.<anonymous> (https://www.googletagmanager.com/gtm.js?id=GTM-WLMC86:297:473)
    at k.apply (https://www.googletagmanager.com/gtm.js?id=GTM-WLMC86:273:466)
[   10549ms] [LOG] {data-testid: nac-description__creators, id: creators} prob @ https://catalog.archives.gov/static/js/main.cb4d5cf3.chunk.js:1
[   10551ms] [LOG] normalizedMap -->  Map(1) @ https://catalog.archives.gov/static/js/main.cb4d5cf3.chunk.js:1
[   10551ms] [LOG] groupedByUnit Map(1) @ https://catalog.archives.gov/static/js/main.cb4d5cf3.chunk.js:1
[   10650ms] [WARNING] Could not copy inherited property "contains". @ https://catalog.archives.gov/static/js/2.27c81bc3.chunk.js:1
[   10651ms] [WARNING] Could not copy inherited property "contains". @ https://catalog.archives.gov/static/js/2.27c81bc3.chunk.js:1
[   10651ms] [WARNING] Could not copy inherited property "contains". @ https://catalog.archives.gov/static/js/2.27c81bc3.chunk.js:1
[   10651ms] [WARNING] Could not copy inherited property "contains". @ https://catalog.archives.gov/static/js/2.27c81bc3.chunk.js:1
[   10651ms] [WARNING] Could not copy inherited property "contains". @ https://catalog.archives.gov/static/js/2.27c81bc3.chunk.js:1
[   10651ms] [WARNING] Could not copy inherited property "contains". @ https://catalog.archives.gov/static/js/2.27c81bc3.chunk.js:1
[   10652ms] [WARNING] Could not copy inherited property "contains". @ https://catalog.archives.gov/static/js/2.27c81bc3.chunk.js:1
[   10652ms] [WARNING] Could not copy inherited property "contains". @ https://catalog.archives.gov/static/js/2.27c81bc3.chunk.js:1
[   10654ms] [WARNING] Could not copy inherited property "contains". @ https://catalog.archives.gov/static/js/2.27c81bc3.chunk.js:1
[   10654ms] [WARNING] Could not copy inherited property "contains". @ https://catalog.archives.gov/static/js/2.27c81bc3.chunk.js:1
[   10655ms] [WARNING] Could not copy inherited property "contains". @ https://catalog.archives.gov/static/js/2.27c81bc3.chunk.js:1
[   10656ms] [WARNING] Could not copy inherited property "contains". @ https://catalog.archives.gov/static/js/2.27c81bc3.chunk.js:1
[   10695ms] [LOG] Reel 3 hell @ https://catalog.archives.gov/static/js/main.cb4d5cf3.chunk.js:1
[   10711ms] [LOG] {data-testid: nac-description__creators, id: creators} prob @ https://catalog.archives.gov/static/js/main.cb4d5cf3.chunk.js:1
[   10711ms] [LOG] normalizedMap -->  Map(1) @ https://catalog.archives.gov/static/js/main.cb4d5cf3.chunk.js:1
[   10711ms] [LOG] groupedByUnit Map(1) @ https://catalog.archives.gov/static/js/main.cb4d5cf3.chunk.js:1
[   10716ms] [LOG] actual objectId  450642544 @ https://catalog.archives.gov/static/js/main.cb4d5cf3.chunk.js:1
[   10844ms] [WARNING] Could not copy inherited property "contains". @ https://catalog.archives.gov/static/js/2.27c81bc3.chunk.js:1
[   10844ms] [WARNING] Could not copy inherited property "contains". @ https://catalog.archives.gov/static/js/2.27c81bc3.chunk.js:1
[   10844ms] [WARNING] Could not copy inherited property "contains". @ https://catalog.archives.gov/static/js/2.27c81bc3.chunk.js:1
[   10844ms] [WARNING] Could not copy inherited property "contains". @ https://catalog.archives.gov/static/js/2.27c81bc3.chunk.js:1
[   10844ms] [WARNING] Could not copy inherited property "contains". @ https://catalog.archives.gov/static/js/2.27c81bc3.chunk.js:1
[   10844ms] [WARNING] Could not copy inherited property "contains". @ https://catalog.archives.gov/static/js/2.27c81bc3.chunk.js:1
[   10844ms] [WARNING] Could not copy inherited property "contains". @ https://catalog.archives.gov/static/js/2.27c81bc3.chunk.js:1
[   10845ms] [WARNING] Could not copy inherited property "contains". @ https://catalog.archives.gov/static/js/2.27c81bc3.chunk.js:1
[   10845ms] [WARNING] Could not copy inherited property "contains". @ https://catalog.archives.gov/static/js/2.27c81bc3.chunk.js:1
[   10845ms] [WARNING] Could not copy inherited property "contains". @ https://catalog.archives.gov/static/js/2.27c81bc3.chunk.js:1
[   10845ms] [WARNING] Could not copy inherited property "contains". @ https://catalog.archives.gov/static/js/2.27c81bc3.chunk.js:1
[   10845ms] [WARNING] Could not copy inherited property "contains". @ https://catalog.archives.gov/static/js/2.27c81bc3.chunk.js:1
[   10846ms] [WARNING] Could not copy inherited property "contains". @ https://catalog.archives.gov/static/js/2.27c81bc3.chunk.js:1
[   10846ms] [WARNING] Could not copy inherited property "contains". @ https://catalog.archives.gov/static/js/2.27c81bc3.chunk.js:1
[   10846ms] [WARNING] Could not copy inherited property "contains". @ https://catalog.archives.gov/static/js/2.27c81bc3.chunk.js:1
[   35363ms] [LOG] {data-testid: nac-description__creators, id: creators} prob @ https://catalog.archives.gov/static/js/main.cb4d5cf3.chunk.js:1
[   35364ms] [LOG] normalizedMap -->  Map(1) @ https://catalog.archives.gov/static/js/main.cb4d5cf3.chunk.js:1
[   35364ms] [LOG] groupedByUnit Map(1) @ https://catalog.archives.gov/static/js/main.cb4d5cf3.chunk.js:1
[   36015ms] [LOG] {data-testid: nac-description__creators, id: creators} prob @ https://catalog.archives.gov/static/js/main.cb4d5cf3.chunk.js:1
[   36017ms] [LOG] normalizedMap -->  Map(1) @ https://catalog.archives.gov/static/js/main.cb4d5cf3.chunk.js:1
[   36017ms] [LOG] groupedByUnit Map(1) @ https://catalog.archives.gov/static/js/main.cb4d5cf3.chunk.js:1
[   36046ms] [LOG] Boxes 1-67 hell @ https://catalog.archives.gov/static/js/main.cb4d5cf3.chunk.js:1
[   36048ms] [LOG] normalizedMap -->  Map(1) @ https://catalog.archives.gov/static/js/main.cb4d5cf3.chunk.js:1
[   36049ms] [LOG] groupedByUnit Map(1) @ https://catalog.archives.gov/static/js/main.cb4d5cf3.chunk.js:1
[   36052ms] [LOG] normalizedMap -->  Map(1) @ https://catalog.archives.gov/static/js/main.cb4d5cf3.chunk.js:1
[   36052ms] [LOG] groupedByUnit Map(1) @ https://catalog.archives.gov/static/js/main.cb4d5cf3.chunk.js:1
[   36214ms] [LOG] {data-testid: nac-description__creators, id: creators} prob @ https://catalog.archives.gov/static/js/main.cb4d5cf3.chunk.js:1
[   36214ms] [LOG] normalizedMap -->  Map(1) @ https://catalog.archives.gov/static/js/main.cb4d5cf3.chunk.js:1
[   36214ms] [LOG] groupedByUnit Map(1) @ https://catalog.archives.gov/static/js/main.cb4d5cf3.chunk.js:1
[   77009ms] [LOG] {data-testid: nac-description__creators, id: creators} prob @ https://catalog.archives.gov/static/js/main.cb4d5cf3.chunk.js:1
[   77010ms] [LOG] normalizedMap -->  Map(1) @ https://catalog.archives.gov/static/js/main.cb4d5cf3.chunk.js:1
[   77010ms] [LOG] groupedByUnit Map(1) @ https://catalog.archives.gov/static/js/main.cb4d5cf3.chunk.js:1
[   86605ms] [VERBOSE] [DOM] Input elements should have autocomplete attributes (suggested: "username"): (More info: https://goo.gl/9p2vKq) %o @ https://secure.login.gov/:0
[   87898ms] [VERBOSE] [DOM] Input elements should have autocomplete attributes (suggested: "username"): (More info: https://goo.gl/9p2vKq) %o @ https://secure.login.gov/:0
[   96203ms] [ERROR] Connecting to 'https://www.google.com/g/collect?v=2&tid=G-CSLL4ZEK4L&gtm=45je66c1v9131934939za200zd9131934939&_p=1781565504616&gcd=13l3l3l3l1l1&npa=0&dma=0&_eu=AAAAAAQ&are=1&cid=359247489.1781565504&frm=0&pscdl=noapi&rcb=18&sr=1680x1050&uaa=x86&uab=64&uafvl=Google%2520Chrome%3B149.0.7827.53%7CChromium%3B149.0.7827.53%7CNot%29A%253BBrand%3B24.0.0.0&uam=&uamb=0&uap=Linux&uapv=&uaw=0&ul=en-us&_s=2&tag_exp=115938466%7E115938469%7E117776794%7E118395334%7E119392696%7E119392704%7E119456239%7E119456247&dl=https%3A%2F%2Fsecure.login.gov%2F&dt=Sign+in+%7C+Login.gov&dr=https%3A%2F%2Fsecure.login.gov%2F&sid=1781565503&sct=1&seg=1&_tu=wA&en=user_engagement&ep.agency=GSA&ep.subagency=TTS&ep.site_topic=unspecified%3Asecure.login.gov&ep.site_platform=unspecified%3Asecure.login.gov&ep.script_source=https%3A%2F%2Fsecure.login.gov%2Fpacks%2Fdigital-analytics-program-a0ec576f.digested.js&ep.version=20240711+v8.4+-+ga4&ep.protocol=https%3A&ep.using_parallel_tracker=no&_et=8277&tfd=8471&gaf=1' violates the following Content Security Policy directive: "connect-src 'self' www.google-analytics.com". The action has been blocked. @ https://www.googletagmanager.com/gtag/js?id=G-CSLL4ZEK4L:204
[   96203ms] [ERROR] Fetch API cannot load https://www.google.com/g/collect?v=2&tid=G-CSLL4ZEK4L&gtm=45je66c1v9131934939za200zd9131934939&_p=1781565504616&gcd=13l3l3l3l1l1&npa=0&dma=0&_eu=AAAAAAQ&are=1&cid=359247489.1781565504&frm=0&pscdl=noapi&rcb=18&sr=1680x1050&uaa=x86&uab=64&uafvl=Google%2520Chrome%3B149.0.7827.53%7CChromium%3B149.0.7827.53%7CNot%29A%253BBrand%3B24.0.0.0&uam=&uamb=0&uap=Linux&uapv=&uaw=0&ul=en-us&_s=2&tag_exp=115938466%7E115938469%7E117776794%7E118395334%7E119392696%7E119392704%7E119456239%7E119456247&dl=https%3A%2F%2Fsecure.login.gov%2F&dt=Sign+in+%7C+Login.gov&dr=https%3A%2F%2Fsecure.login.gov%2F&sid=1781565503&sct=1&seg=1&_tu=wA&en=user_engagement&ep.agency=GSA&ep.subagency=TTS&ep.site_topic=unspecified%3Asecure.login.gov&ep.site_platform=unspecified%3Asecure.login.gov&ep.script_source=https%3A%2F%2Fsecure.login.gov%2Fpacks%2Fdigital-analytics-program-a0ec576f.digested.js&ep.version=20240711+v8.4+-+ga4&ep.protocol=https%3A&ep.using_parallel_tracker=no&_et=8277&tfd=8471&gaf=1. Refused to connect because it violates the document's Content Security Policy. @ https://www.googletagmanager.com/gtag/js?id=G-CSLL4ZEK4L:204
[   96225ms] [VERBOSE] [DOM] Input elements should have autocomplete attributes (suggested: "username"): (More info: https://goo.gl/9p2vKq) %o @ https://secure.login.gov/:0
[  129154ms] [ERROR] Connecting to 'https://www.google.com/g/collect?v=2&tid=G-CSLL4ZEK4L&gtm=45je66c1v9131934939za200zd9131934939&_p=1781565512945&gcd=13l3l3l3l1l1&npa=0&dma=0&_eu=AAAAAAQ&are=1&cid=359247489.1781565504&frm=0&pscdl=noapi&rcb=2&sr=1680x1050&uaa=x86&uab=64&uafvl=Google%2520Chrome%3B149.0.7827.53%7CChromium%3B149.0.7827.53%7CNot%29A%253BBrand%3B24.0.0.0&uam=&uamb=0&uap=Linux&uapv=&uaw=0&ul=en-us&_s=2&tag_exp=115938465%7E115938469%7E119392696%7E119392704%7E119456239%7E119456247&dl=https%3A%2F%2Fsecure.login.gov%2F&dt=Sign+in+%7C+Login.gov&dr=https%3A%2F%2Fsecure.login.gov%2F&sid=1781565503&sct=1&seg=1&_tu=wA&en=user_engagement&ep.agency=GSA&ep.subagency=TTS&ep.site_topic=unspecified%3Asecure.login.gov&ep.site_platform=unspecified%3Asecure.login.gov&ep.script_source=https%3A%2F%2Fsecure.login.gov%2Fpacks%2Fdigital-analytics-program-a0ec576f.digested.js&ep.version=20240711+v8.4+-+ga4&ep.protocol=https%3A&ep.using_parallel_tracker=no&_et=32904&tfd=33090&gaf=1' violates the following Content Security Policy directive: "connect-src 'self' www.google-analytics.com". The action has been blocked. @ https://www.googletagmanager.com/gtag/js?id=G-CSLL4ZEK4L:204
[  129154ms] [ERROR] Fetch API cannot load https://www.google.com/g/collect?v=2&tid=G-CSLL4ZEK4L&gtm=45je66c1v9131934939za200zd9131934939&_p=1781565512945&gcd=13l3l3l3l1l1&npa=0&dma=0&_eu=AAAAAAQ&are=1&cid=359247489.1781565504&frm=0&pscdl=noapi&rcb=2&sr=1680x1050&uaa=x86&uab=64&uafvl=Google%2520Chrome%3B149.0.7827.53%7CChromium%3B149.0.7827.53%7CNot%29A%253BBrand%3B24.0.0.0&uam=&uamb=0&uap=Linux&uapv=&uaw=0&ul=en-us&_s=2&tag_exp=115938465%7E115938469%7E119392696%7E119392704%7E119456239%7E119456247&dl=https%3A%2F%2Fsecure.login.gov%2F&dt=Sign+in+%7C+Login.gov&dr=https%3A%2F%2Fsecure.login.gov%2F&sid=1781565503&sct=1&seg=1&_tu=wA&en=user_engagement&ep.agency=GSA&ep.subagency=TTS&ep.site_topic=unspecified%3Asecure.login.gov&ep.site_platform=unspecified%3Asecure.login.gov&ep.script_source=https%3A%2F%2Fsecure.login.gov%2Fpacks%2Fdigital-analytics-program-a0ec576f.digested.js&ep.version=20240711+v8.4+-+ga4&ep.protocol=https%3A&ep.using_parallel_tracker=no&_et=32904&tfd=33090&gaf=1. Refused to connect because it violates the document's Content Security Policy. @ https://www.googletagmanager.com/gtag/js?id=G-CSLL4ZEK4L:204
[  129191ms] [VERBOSE] [DOM] Input elements should have autocomplete attributes (suggested: "username"): (More info: https://goo.gl/9p2vKq) %o @ https://secure.login.gov/:0
[  131093ms] [ERROR] Connecting to 'https://www.google.com/g/collect?v=2&tid=G-CSLL4ZEK4L&gtm=45je66c1v9131934939za200zd9131934939&_p=1781565545910&gcd=13l3l3l3l1l1&npa=0&dma=0&_eu=AAAAAAQ&are=1&cid=359247489.1781565504&frm=0&pscdl=noapi&rcb=18&sr=1680x1050&uaa=x86&uab=64&uafvl=Google%2520Chrome%3B149.0.7827.53%7CChromium%3B149.0.7827.53%7CNot%29A%253BBrand%3B24.0.0.0&uam=&uamb=0&uap=Linux&uapv=&uaw=0&ul=en-us&tag_exp=115938466%7E115938469%7E119392696%7E119392704%7E119456239%7E119456247&dl=https%3A%2F%2Fsecure.login.gov%2F&dt=Sign+in+%7C+Login.gov&dr=https%3A%2F%2Fsecure.login.gov%2F&sid=1781565503&sct=1&seg=1&_tu=wA&_s=1&tfd=2096&gaf=1' violates the following Content Security Policy directive: "connect-src 'self' www.google-analytics.com". The action has been blocked. @ https://www.googletagmanager.com/gtag/js?id=G-CSLL4ZEK4L:204
[  131093ms] [ERROR] Fetch API cannot load https://www.google.com/g/collect?v=2&tid=G-CSLL4ZEK4L&gtm=45je66c1v9131934939za200zd9131934939&_p=1781565545910&gcd=13l3l3l3l1l1&npa=0&dma=0&_eu=AAAAAAQ&are=1&cid=359247489.1781565504&frm=0&pscdl=noapi&rcb=18&sr=1680x1050&uaa=x86&uab=64&uafvl=Google%2520Chrome%3B149.0.7827.53%7CChromium%3B149.0.7827.53%7CNot%29A%253BBrand%3B24.0.0.0&uam=&uamb=0&uap=Linux&uapv=&uaw=0&ul=en-us&tag_exp=115938466%7E115938469%7E119392696%7E119392704%7E119456239%7E119456247&dl=https%3A%2F%2Fsecure.login.gov%2F&dt=Sign+in+%7C+Login.gov&dr=https%3A%2F%2Fsecure.login.gov%2F&sid=1781565503&sct=1&seg=1&_tu=wA&_s=1&tfd=2096&gaf=1. Refused to connect because it violates the document's Content Security Policy. @ https://www.googletagmanager.com/gtag/js?id=G-CSLL4ZEK4L:204
[  134300ms] [VERBOSE] [DOM] Input elements should have autocomplete attributes (suggested: "username"): (More info: https://goo.gl/9p2vKq) %o @ https://secure.login.gov/:0
[  141014ms] [ERROR] Connecting to 'https://www.google.com/g/collect?v=2&tid=G-CSLL4ZEK4L&gtm=45je66c1v9131934939za200zd9131934939&_p=1781565551021&gcd=13l3l3l3l1l1&npa=0&dma=0&_eu=AAAAAAQ&are=1&cid=359247489.1781565504&frm=0&pscdl=noapi&rcb=13&sr=1680x1050&uaa=x86&uab=64&uafvl=Google%2520Chrome%3B149.0.7827.53%7CChromium%3B149.0.7827.53%7CNot%29A%253BBrand%3B24.0.0.0&uam=&uamb=0&uap=Linux&uapv=&uaw=0&ul=en-us&_s=2&tag_exp=115938465%7E115938469%7E117776794%7E119348849%7E119349417%7E119392696%7E119392704%7E119456239%7E119456247&dl=https%3A%2F%2Fsecure.login.gov%2F&dt=Sign+in+%7C+Login.gov&dr=https%3A%2F%2Fsecure.login.gov%2Fsign_up%2Fenter_email&sid=1781565503&sct=1&seg=1&_tu=wA&en=user_engagement&ep.agency=GSA&ep.subagency=TTS&ep.site_topic=unspecified%3Asecure.login.gov&ep.site_platform=unspecified%3Asecure.login.gov&ep.script_source=https%3A%2F%2Fsecure.login.gov%2Fpacks%2Fdigital-analytics-program-a0ec576f.digested.js&ep.version=20240711+v8.4+-+ga4&ep.protocol=https%3A&ep.using_parallel_tracker=no&_et=6692&tfd=6911&gaf=1' violates the following Content Security Policy directive: "connect-src 'self' www.google-analytics.com". The action has been blocked. @ https://www.googletagmanager.com/gtag/js?id=G-CSLL4ZEK4L:204
[  141015ms] [ERROR] Fetch API cannot load https://www.google.com/g/collect?v=2&tid=G-CSLL4ZEK4L&gtm=45je66c1v9131934939za200zd9131934939&_p=1781565551021&gcd=13l3l3l3l1l1&npa=0&dma=0&_eu=AAAAAAQ&are=1&cid=359247489.1781565504&frm=0&pscdl=noapi&rcb=13&sr=1680x1050&uaa=x86&uab=64&uafvl=Google%2520Chrome%3B149.0.7827.53%7CChromium%3B149.0.7827.53%7CNot%29A%253BBrand%3B24.0.0.0&uam=&uamb=0&uap=Linux&uapv=&uaw=0&ul=en-us&_s=2&tag_exp=115938465%7E115938469%7E117776794%7E119348849%7E119349417%7E119392696%7E119392704%7E119456239%7E119456247&dl=https%3A%2F%2Fsecure.login.gov%2F&dt=Sign+in+%7C+Login.gov&dr=https%3A%2F%2Fsecure.login.gov%2Fsign_up%2Fenter_email&sid=1781565503&sct=1&seg=1&_tu=wA&en=user_engagement&ep.agency=GSA&ep.subagency=TTS&ep.site_topic=unspecified%3Asecure.login.gov&ep.site_platform=unspecified%3Asecure.login.gov&ep.script_source=https%3A%2F%2Fsecure.login.gov%2Fpacks%2Fdigital-analytics-program-a0ec576f.digested.js&ep.version=20240711+v8.4+-+ga4&ep.protocol=https%3A&ep.using_parallel_tracker=no&_et=6692&tfd=6911&gaf=1. Refused to connect because it violates the document's Content Security Policy. @ https://www.googletagmanager.com/gtag/js?id=G-CSLL4ZEK4L:204
